// Jest Snapshot v1, https://goo.gl/fbAQLP

exports[`Validate Analytics Calls 1`] = `
Array [
  Object {
    "_metadata": Object {
      "nodeVersion": "10.15.3",
    },
    "context": Object {
      "library": Object {
        "name": "analytics-node",
        "version": "3.3.0",
      },
      "typewriter": Object {
        "language": "javascript",
        "version": "7.0.0",
      },
    },
    "event": "Empty Event",
    "properties": Object {},
    "type": "track",
    "userId": "user-1234",
  },
  Object {
    "_metadata": Object {
      "nodeVersion": "10.15.3",
    },
    "context": Object {
      "library": Object {
        "name": "analytics-node",
        "version": "3.3.0",
      },
      "typewriter": Object {
        "language": "javascript",
        "version": "7.0.0",
      },
    },
    "event": "Event with All Types",
    "properties": Object {
      "required any": 123,
      "required array": Array [
        Object {
          "required sub-property": "Hello World",
        },
      ],
      "required array (empty)": Array [
        123,
        "Hello World",
      ],
      "required boolean": false,
      "required int": 123,
      "required nullable string": null,
      "required number": 3.1415,
      "required number or string": 123,
      "required object": Object {
        "required sub-property": "Hello World",
      },
      "required object (empty)": Object {},
      "required string": "Hello World",
      "required string regex": "FOO",
    },
    "type": "track",
    "userId": "user-1234",
  },
  Object {
    "_metadata": Object {
      "nodeVersion": "10.15.3",
    },
    "context": Object {
      "library": Object {
        "name": "analytics-node",
        "version": "3.3.0",
      },
      "typewriter": Object {
        "language": "javascript",
        "version": "7.0.0",
      },
    },
    "event": "42_--terrible==\\"event'++name~!3",
    "properties": Object {
      "0000---terrible-property-name~!3": "foobar",
      "propertyNameCollision": "camelcase",
      "property_name_collision": "snakecase",
    },
    "type": "track",
    "userId": "user-1234",
  },
  Object {
    "_metadata": Object {
      "nodeVersion": "10.15.3",
    },
    "context": Object {
      "library": Object {
        "name": "analytics-node",
        "version": "3.3.0",
      },
      "typewriter": Object {
        "language": "javascript",
        "version": "7.0.0",
      },
    },
    "event": "example naming collision",
    "properties": Object {},
    "type": "track",
    "userId": "user-1234",
  },
  Object {
    "_metadata": Object {
      "nodeVersion": "10.15.3",
    },
    "context": Object {
      "library": Object {
        "name": "analytics-node",
        "version": "3.3.0",
      },
      "typewriter": Object {
        "language": "javascript",
        "version": "7.0.0",
      },
    },
    "event": "example_naming_collision",
    "properties": Object {},
    "type": "track",
    "userId": "user-1234",
  },
  Object {
    "_metadata": Object {
      "nodeVersion": "10.15.3",
    },
    "context": Object {
      "library": Object {
        "name": "analytics-node",
        "version": "3.3.0",
      },
      "typewriter": Object {
        "language": "javascript",
        "version": "7.0.0",
      },
    },
    "event": "Violation Handler Test",
    "properties": Object {
      "required string": "Hello World",
    },
    "type": "track",
    "userId": "user-1234",
  },
]
`;
